23:26:42 **** Incremental Build of configuration Debug for project 03_ADC_POLLING_STM32_cont ****
make -j8 all 
arm-none-eabi-gcc "../Core/Src/main.c" -mcpu=cortex-m4 -std=gnu11 -g3 -DDEBUG -DUSE_HAL_DRIVER -DSTM32F411xE -c -I../Core/Inc -I../Drivers/STM32F4xx_HAL_Driver/Inc -I../Drivers/STM32F4xx_HAL_Driver/Inc/Legacy -I../Drivers/CMSIS/Device/ST/STM32F4xx/Include -I../Drivers/CMSIS/Include -O0 -ffunction-sections -fdata-sections -Wall -fstack-usage -fcyclomatic-complexity -MMD -MP -MF"Core/Src/main.d" -MT"Core/Src/main.o" --specs=nano.specs -mfpu=fpv4-sp-d16 -mfloat-abi=hard -mthumb -o "Core/Src/main.o"
arm-none-eabi-gcc -o "03_ADC_POLLING_STM32_cont.elf" @"objects.list"   -mcpu=cortex-m4 -T"C:\Users\Sandip\STM32CubeIDE\workspace_1.15.0\03_ADC_POLLING_STM32_cont\STM32F411RETX_FLASH.ld" --specs=nosys.specs -Wl,-Map="03_ADC_POLLING_STM32_cont.map" -Wl,--gc-sections -static --specs=nano.specs -mfpu=fpv4-sp-d16 -mfloat-abi=hard -mthumb -Wl,--start-group -lc -lm -Wl,--end-group
Finished building target: 03_ADC_POLLING_STM32_cont.elf
 
arm-none-eabi-size  03_ADC_POLLING_STM32_cont.elf 
arm-none-eabi-objdump -h -S 03_ADC_POLLING_STM32_cont.elf  > "03_ADC_POLLING_STM32_cont.list"
   text	   data	    bss	    dec	    hex	filename
   9980	     12	   1716	  11708	   2dbc	03_ADC_POLLING_STM32_cont.elf
Finished building: default.size.stdout
 
Finished building: 03_ADC_POLLING_STM32_cont.list
 

23:26:44 Build Finished. 0 errors, 0 warnings. (took 1s.386ms)

