22:49:24 **** Incremental Build of configuration Debug for project 04_ADC_Interrput_STM32 ****
make -j8 all 
arm-none-eabi-gcc "../Core/Src/main.c" -mcpu=cortex-m4 -std=gnu11 -g3 -DDEBUG -DUSE_HAL_DRIVER -DSTM32F411xE -c -I../Core/Inc -I../Drivers/STM32F4xx_HAL_Driver/Inc -I../Drivers/STM32F4xx_HAL_Driver/Inc/Legacy -I../Drivers/CMSIS/Device/ST/STM32F4xx/Include -I../Drivers/CMSIS/Include -O0 -ffunction-sections -fdata-sections -Wall -fstack-usage -fcyclomatic-complexity -MMD -MP -MF"Core/Src/main.d" -MT"Core/Src/main.o" --specs=nano.specs -mfpu=fpv4-sp-d16 -mfloat-abi=hard -mthumb -o "Core/Src/main.o"
arm-none-eabi-gcc -o "04_ADC_Interrput_STM32.elf" @"objects.list"   -mcpu=cortex-m4 -T"C:\Users\Sandip\STM32CubeIDE\workspace_1.15.0\04_ADC_Interrput_STM32\STM32F411RETX_FLASH.ld" --specs=nosys.specs -Wl,-Map="04_ADC_Interrput_STM32.map" -Wl,--gc-sections -static --specs=nano.specs -mfpu=fpv4-sp-d16 -mfloat-abi=hard -mthumb -Wl,--start-group -lc -lm -Wl,--end-group
Finished building target: 04_ADC_Interrput_STM32.elf
 
arm-none-eabi-size  04_ADC_Interrput_STM32.elf 
arm-none-eabi-objdump -h -S 04_ADC_Interrput_STM32.elf  > "04_ADC_Interrput_STM32.list"
   text	   data	    bss	    dec	    hex	filename
  10396	     12	   1716	  12124	   2f5c	04_ADC_Interrput_STM32.elf
Finished building: default.size.stdout
 
Finished building: 04_ADC_Interrput_STM32.list
 

22:49:25 Build Finished. 0 errors, 0 warnings. (took 1s.537ms)

